I'm sorry, but errors were detected in your script. Please correct the
errors listed below, and try again.


File "game/screens.rpy", line 862: Indentation mismatch.

Ren'Py Version: Ren'Py 8.3.7.25031702
Sat Dec 20 10:22:22 2025
